Hi Jon,

The Issue we are currently looking :
The filegroup "PNBD_FL202312" has no files assigned to it. Tables, indexes, text columns, ntext columns, and image columns cannot be populated on this filegroup until a file is added.

Able to reproduce the issue in my Local env.

Reason for the above issue : At the time of  DN Server Database setup we run some DDL executions these are the below scripts:

C:\FIS\Server\Setup>osql -S BLR1-LT7VWYY33  -i ADDDBACC.sql -o ADDDBACC.stdout -e -m -E

C:\FIS\Server\Setup>osql -S BLR1-LT7VWYY33  -i CRTBLSPC.sql -o CRTBLSPC.stdout -e -m -E

C:\FIS\Server\Setup>osql -S BLR1-LT7VWYY33  -i COBUILD.sql -o COBUILD.stdout -e -m -E

C:\FIS\Server\Setup>osql -S BLR1-LT7VWYY33  -i CRBUILD.sql -o CRBUILD.stdout -e -m  -E

C:\FIS\Server\Setup>osql -S BLR1-LT7VWYY33  -i ADDDBACD.sql -o ADDDBACD.stdout -e -m -E

C:\FIS\Server\Setup>osql -S BLR1-LT7VWYY33  -i CRTBLSPD.sql -o CRTBLSPD.stdout -e -m -E

C:\FIS\Server\Setup>osql -S BLR1-LT7VWYY33  -i DRBUILD.sql -o DRBUILD.stdout -e -m -E

These are not executed properly and didn’t tracked any errors at time of execution.

The Possible Solutions are:  We can create the Filegroup for the Table which we facing Insert issue if this doesn’t work we need to freshly setup the Database again  in 226 Machine.

